// Jest Snapshot v1, https://goo.gl/fbAQLP

exports[`BookList component should render properly renders correctly when issearch false snapshot test 1`] = `
<div
  className="MuiPaper-root MuiPaper-elevation1 MuiPaper-rounded"
  style={
    Object {
      "flexGrow": 1,
      "width": "100%",
    }
  }
>
  <div
    className="MuiTableContainer-root"
    style={
      Object {
        "height": "90%",
        "overFlow": "auto",
      }
    }
  >
    <table
      aria-label="sticky table"
      className="MuiTable-root MuiTable-stickyHeader"
    >
      <thead
        className="MuiTableHead-root"
      >
        <tr
          className="MuiTableRow-root MuiTableRow-head"
        >
          <th
            aria-sort={null}
            className="MuiTableCell-root MuiTableCell-head MuiTableCell-stickyHeader"
            scope="col"
            style={
              Object {
                "minWidth": 170,
              }
            }
          >
            Book Name
          </th>
          <th
            aria-sort={null}
            className="MuiTableCell-root MuiTableCell-head MuiTableCell-stickyHeader"
            scope="col"
            style={
              Object {
                "minWidth": 100,
              }
            }
          >
            Cover Image
          </th>
          <th
            aria-sort={null}
            className="MuiTableCell-root MuiTableCell-head MuiTableCell-stickyHeader"
            scope="col"
            style={
              Object {
                "minWidth": undefined,
              }
            }
          >
            Authors
          </th>
          <th
            aria-sort={null}
            className="MuiTableCell-root MuiTableCell-head MuiTableCell-alignLeft MuiTableCell-stickyHeader"
            scope="col"
            style={
              Object {
                "minWidth": 200,
              }
            }
          >
            Book Description
          </th>
          <th
            aria-sort={null}
            className="MuiTableCell-root MuiTableCell-head MuiTableCell-alignRight MuiTableCell-stickyHeader"
            scope="col"
            style={
              Object {
                "minWidth": 100,
              }
            }
          >
            Book Link
          </th>
        </tr>
      </thead>
      <tbody
        className="MuiTableBody-root"
      >
        <tr
          className="MuiTableRow-root MuiTableRow-hover"
          role="checkbox"
          tabIndex={-1}
        >
          <td
            aria-sort={null}
            className="MuiTableCell-root MuiTableCell-body"
          >
            Tribe
          </td>
          <td
            aria-sort={null}
            className="MuiTableCell-root MuiTableCell-body"
          >
            <div
              className="MuiAvatar-root MuiAvatar-square"
            >
              <img
                alt="Remy Sharp"
                className="MuiAvatar-img"
                sizes="50"
                src="https://i.gr-assets.com/images/S/compressed.photo.goodreads.com/books/1580496015l/50731895._SX50_.jpg"
              />
            </div>
          </td>
          <td
            aria-sort={null}
            className="MuiTableCell-root MuiTableCell-body"
          >
            Timothy
          </td>
          <td
            aria-sort={null}
            className="MuiTableCell-root MuiTableCell-body MuiTableCell-alignLeft"
          >
            <div
              className="SearchResult-body"
              dangerouslySetInnerHTML={
                Object {
                  "__html": "<div><b>We All Need Mentors. Here Are More than 100 of the Worldâ€™s Best.</b>",
                }
              }
            />
          </td>
          <td
            aria-sort={null}
            className="MuiTableCell-root MuiTableCell-body MuiTableCell-alignRight"
          >
            <button
              className="MuiTypography-root MuiLink-root MuiLink-underlineHover MuiLink-button MuiTypography-body2 MuiTypography-colorPrimary"
              onBlur={[Function]}
              onClick={[Function]}
              onFocus={[Function]}
            >
              Book Link
            </button>
          </td>
        </tr>
      </tbody>
    </table>
  </div>
  <div
    className="MuiTablePagination-root"
  >
    <div
      className="MuiToolbar-root MuiToolbar-regular MuiTablePagination-toolbar MuiToolbar-gutters"
    >
      <div
        className="MuiTablePagination-spacer"
      />
      <p
        className="MuiTypography-root MuiTablePagination-caption MuiTypography-body2 MuiTypography-colorInherit"
      >
        Rows per page:
      </p>
      <div
        className="MuiInputBase-root MuiTablePagination-input MuiTablePagination-selectRoot"
        onClick={[Function]}
      >
        <div
          aria-haspopup="listbox"
          aria-labelledby=" "
          className="MuiSelect-root MuiSelect-select MuiTablePagination-select MuiSelect-selectMenu MuiInputBase-input"
          onBlur={[Function]}
          onFocus={[Function]}
          onKeyDown={[Function]}
          onMouseDown={[Function]}
          role="button"
          tabIndex={0}
        >
          10
        </div>
        <input
          onAnimationStart={[Function]}
          type="hidden"
          value={10}
        />
        <svg
          aria-hidden="true"
          className="MuiSvgIcon-root MuiSelect-icon MuiTablePagination-selectIcon"
          focusable="false"
          role="presentation"
          viewBox="0 0 24 24"
        >
          <path
            d="M7 10l5 5 5-5z"
          />
        </svg>
      </div>
      <p
        className="MuiTypography-root MuiTablePagination-caption MuiTypography-body2 MuiTypography-colorInherit"
      >
        1-1 of 1
      </p>
      <div
        className="MuiTablePagination-actions"
      >
        <button
          aria-label="Previous page"
          className="MuiButtonBase-root MuiIconButton-root MuiIconButton-colorInherit Mui-disabled Mui-disabled"
          disabled={true}
          onBlur={[Function]}
          onClick={[Function]}
          onDragLeave={[Function]}
          onFocus={[Function]}
          onKeyDown={[Function]}
          onKeyUp={[Function]}
          onMouseDown={[Function]}
          onMouseLeave={[Function]}
          onMouseUp={[Function]}
          onTouchEnd={[Function]}
          onTouchMove={[Function]}
          onTouchStart={[Function]}
          tabIndex={-1}
          title="Previous page"
          type="button"
        >
          <span
            className="MuiIconButton-label"
          >
            <svg
              aria-hidden="true"
              className="MuiSvgIcon-root"
              focusable="false"
              role="presentation"
              viewBox="0 0 24 24"
            >
              <path
                d="M15.41 16.09l-4.58-4.59 4.58-4.59L14 5.5l-6 6 6 6z"
              />
            </svg>
          </span>
        </button>
        <button
          aria-label="Next page"
          className="MuiButtonBase-root MuiIconButton-root MuiIconButton-colorInherit Mui-disabled Mui-disabled"
          disabled={true}
          onBlur={[Function]}
          onClick={[Function]}
          onDragLeave={[Function]}
          onFocus={[Function]}
          onKeyDown={[Function]}
          onKeyUp={[Function]}
          onMouseDown={[Function]}
          onMouseLeave={[Function]}
          onMouseUp={[Function]}
          onTouchEnd={[Function]}
          onTouchMove={[Function]}
          onTouchStart={[Function]}
          tabIndex={-1}
          title="Next page"
          type="button"
        >
          <span
            className="MuiIconButton-label"
          >
            <svg
              aria-hidden="true"
              className="MuiSvgIcon-root"
              focusable="false"
              role="presentation"
              viewBox="0 0 24 24"
            >
              <path
                d="M8.59 16.34l4.58-4.59-4.58-4.59L10 5.75l6 6-6 6z"
              />
            </svg>
          </span>
        </button>
      </div>
    </div>
  </div>
</div>
`;

exports[`BookList component should render properly renders correctly when issearch true snapshot test 1`] = `
<div
  className="MuiPaper-root MuiPaper-elevation1 MuiPaper-rounded"
  style={
    Object {
      "flexGrow": 1,
      "width": "100%",
    }
  }
>
  <div
    className="MuiTableContainer-root"
    style={
      Object {
        "height": "90%",
        "overFlow": "auto",
      }
    }
  >
    <table
      aria-label="sticky table"
      className="MuiTable-root MuiTable-stickyHeader"
    >
      <thead
        className="MuiTableHead-root"
      >
        <tr
          className="MuiTableRow-root MuiTableRow-head"
        >
          <th
            aria-sort={null}
            className="MuiTableCell-root MuiTableCell-head MuiTableCell-stickyHeader"
            scope="col"
            style={
              Object {
                "minWidth": 170,
              }
            }
          >
            Book Name
          </th>
          <th
            aria-sort={null}
            className="MuiTableCell-root MuiTableCell-head MuiTableCell-stickyHeader"
            scope="col"
            style={
              Object {
                "minWidth": 100,
              }
            }
          >
            Cover Image
          </th>
          <th
            aria-sort={null}
            className="MuiTableCell-root MuiTableCell-head MuiTableCell-stickyHeader"
            scope="col"
            style={
              Object {
                "minWidth": undefined,
              }
            }
          >
            Authors
          </th>
        </tr>
      </thead>
      <tbody
        className="MuiTableBody-root"
      >
        <tr
          className="MuiTableRow-root MuiTableRow-hover"
          role="checkbox"
          tabIndex={-1}
        >
          <td
            aria-sort={null}
            className="MuiTableCell-root MuiTableCell-body"
          >
            Tribe
          </td>
          <td
            aria-sort={null}
            className="MuiTableCell-root MuiTableCell-body"
          >
            <div
              className="MuiAvatar-root MuiAvatar-square"
            >
              <img
                alt="Remy Sharp"
                className="MuiAvatar-img"
                sizes="50"
                src="https://i.gr-assets.com/images/S/compressed.photo.goodreads.com/books/1580496015l/50731895._SX50_.jpg"
              />
            </div>
          </td>
          <td
            aria-sort={null}
            className="MuiTableCell-root MuiTableCell-body"
          >
            Joelle Charbonneau
          </td>
        </tr>
      </tbody>
    </table>
  </div>
  <div
    className="MuiTablePagination-root"
  >
    <div
      className="MuiToolbar-root MuiToolbar-regular MuiTablePagination-toolbar MuiToolbar-gutters"
    >
      <div
        className="MuiTablePagination-spacer"
      />
      <p
        className="MuiTypography-root MuiTablePagination-caption MuiTypography-body2 MuiTypography-colorInherit"
      >
        Rows per page:
      </p>
      <div
        className="MuiInputBase-root MuiTablePagination-input MuiTablePagination-selectRoot"
        onClick={[Function]}
      >
        <div
          aria-haspopup="listbox"
          aria-labelledby=" "
          className="MuiSelect-root MuiSelect-select MuiTablePagination-select MuiSelect-selectMenu MuiInputBase-input"
          onBlur={[Function]}
          onFocus={[Function]}
          onKeyDown={[Function]}
          onMouseDown={[Function]}
          role="button"
          tabIndex={0}
        >
          10
        </div>
        <input
          onAnimationStart={[Function]}
          type="hidden"
          value={10}
        />
        <svg
          aria-hidden="true"
          className="MuiSvgIcon-root MuiSelect-icon MuiTablePagination-selectIcon"
          focusable="false"
          role="presentation"
          viewBox="0 0 24 24"
        >
          <path
            d="M7 10l5 5 5-5z"
          />
        </svg>
      </div>
      <p
        className="MuiTypography-root MuiTablePagination-caption MuiTypography-body2 MuiTypography-colorInherit"
      >
        1-1 of 1
      </p>
      <div
        className="MuiTablePagination-actions"
      >
        <button
          aria-label="Previous page"
          className="MuiButtonBase-root MuiIconButton-root MuiIconButton-colorInherit Mui-disabled Mui-disabled"
          disabled={true}
          onBlur={[Function]}
          onClick={[Function]}
          onDragLeave={[Function]}
          onFocus={[Function]}
          onKeyDown={[Function]}
          onKeyUp={[Function]}
          onMouseDown={[Function]}
          onMouseLeave={[Function]}
          onMouseUp={[Function]}
          onTouchEnd={[Function]}
          onTouchMove={[Function]}
          onTouchStart={[Function]}
          tabIndex={-1}
          title="Previous page"
          type="button"
        >
          <span
            className="MuiIconButton-label"
          >
            <svg
              aria-hidden="true"
              className="MuiSvgIcon-root"
              focusable="false"
              role="presentation"
              viewBox="0 0 24 24"
            >
              <path
                d="M15.41 16.09l-4.58-4.59 4.58-4.59L14 5.5l-6 6 6 6z"
              />
            </svg>
          </span>
        </button>
        <button
          aria-label="Next page"
          className="MuiButtonBase-root MuiIconButton-root MuiIconButton-colorInherit Mui-disabled Mui-disabled"
          disabled={true}
          onBlur={[Function]}
          onClick={[Function]}
          onDragLeave={[Function]}
          onFocus={[Function]}
          onKeyDown={[Function]}
          onKeyUp={[Function]}
          onMouseDown={[Function]}
          onMouseLeave={[Function]}
          onMouseUp={[Function]}
          onTouchEnd={[Function]}
          onTouchMove={[Function]}
          onTouchStart={[Function]}
          tabIndex={-1}
          title="Next page"
          type="button"
        >
          <span
            className="MuiIconButton-label"
          >
            <svg
              aria-hidden="true"
              className="MuiSvgIcon-root"
              focusable="false"
              role="presentation"
              viewBox="0 0 24 24"
            >
              <path
                d="M8.59 16.34l4.58-4.59-4.58-4.59L10 5.75l6 6-6 6z"
              />
            </svg>
          </span>
        </button>
      </div>
    </div>
  </div>
</div>
`;
